../Drivers/CMSIS/Include/core_cm4.h:1688:22:__NVIC_EnableIRQ	16	static
../Drivers/CMSIS/Include/core_cm4.h:1816:22:__NVIC_SetPriority	16	static
../Core/Src/AD7190.c:14:6:AD7190_Error_Handler	8	static
../Core/Src/AD7190.c:23:6:ad7190_init	40	static
../Core/Src/AD7190.c:69:6:ad7190_reset	16	static
../Core/Src/AD7190.c:84:9:ad7190_read_8bit	24	static
../Core/Src/AD7190.c:100:10:ad7190_read_24bit	24	static
../Core/Src/AD7190.c:128:6:ad7190_write_24bit	24	static
../Core/Src/AD7190.c:144:6:SPI1_IRQHandler	8	static
