../Drivers/CMSIS/Include/core_cm4.h:1688:22:__NVIC_EnableIRQ	16	static
../Drivers/CMSIS/Include/core_cm4.h:1816:22:__NVIC_SetPriority	16	static
../Core/Src/main.c:93:5:__io_putchar	24	static
../Core/Src/main.c:104:6:read_uart	32	static
../Core/Src/main.c:119:6:blinky	16	static
../Core/Src/main.c:133:5:main	112	static
../Core/Src/main.c:245:6:SystemClock_Config	88	static
../Core/Src/main.c:291:13:MX_TIM1_Init	32	static
../Core/Src/main.c:337:13:MX_USART1_UART_Init	8	static
../Core/Src/main.c:371:6:USART1_IRQHandler	8	static
../Core/Src/main.c:384:13:MX_GPIO_Init	64	static
../Core/Src/main.c:479:6:StartDefaultTask	16	static
../Core/Src/main.c:500:6:HAL_TIM_PeriodElapsedCallback	16	static
../Core/Src/main.c:517:6:Error_Handler	4	static,ignoring_inline_asm
